Change Component Designator: Old Designator=C? New Designator=C501
Change Component Designator: Old Designator=C? New Designator=C502
Change Component Designator: Old Designator=C? New Designator=C503
Change Component Designator: Old Designator=C? New Designator=C504
Change Component Designator: Old Designator=C? New Designator=C505
Change Component Designator: Old Designator=Q? New Designator=Q501
Change Component Designator: Old Designator=Q? New Designator=Q502
Change Component Designator: Old Designator=R? New Designator=R501
Change Component Designator: Old Designator=R? New Designator=R502
Change Component Designator: Old Designator=R? New Designator=R503
Change Component Designator: Old Designator=R? New Designator=R504
Change Component Designator: Old Designator=R? New Designator=R505
Change Component Designator: Old Designator=R? New Designator=R506
Change Component Designator: Old Designator=R? New Designator=R507
Change Component Designator: Old Designator=R? New Designator=R508
Change Component Designator: Old Designator=R? New Designator=R509
Change Component Designator: Old Designator=R? New Designator=R510
Change Component Designator: Old Designator=R? New Designator=R511
Change Component Designator: Old Designator=R? New Designator=R512
Change Component Designator: Old Designator=R? New Designator=R513
Change Component Designator: Old Designator=R? New Designator=R514
Change Component Designator: Old Designator=R? New Designator=R515
Change Component Designator: Old Designator=R? New Designator=R516
Change Component Designator: Old Designator=R? New Designator=R517
Change Component Designator: Old Designator=R? New Designator=R518
Change Component Designator: Old Designator=R? New Designator=R519
Change Component Designator: Old Designator=TP? New Designator=TP501
Change Component Designator: Old Designator=TP? New Designator=TP502
Change Component Designator: Old Designator=TP? New Designator=TP503
Change Component Designator: Old Designator=TP? New Designator=TP504
Change Component Designator: Old Designator=TP? New Designator=TP505
Change Component Designator: Old Designator=TP? New Designator=TP506
Change Component Designator: Old Designator=TP? New Designator=TP507
Change Component Designator: Old Designator=TP? New Designator=TP508
Change Component Designator: Old Designator=TP? New Designator=TP509
Change Component Designator: Old Designator=TP? New Designator=TP510
Change Component Designator: Old Designator=TP? New Designator=TP511
Change Component Designator: Old Designator=U? New Designator=U501
Change Component Designator: Old Designator=U? New Designator=U502
Change Component Designator: Old Designator=U? New Designator=U503
Change Component Designator: Old Designator=U? New Designator=U501
Change Component Designator: Old Designator=U? New Designator=U502
Change Component Designator: Old Designator=U? New Designator=U503
Change Component Designator: Old Designator=U? New Designator=U501
Change Component Designator: Old Designator=U? New Designator=U502
Change Component Designator: Old Designator=U? New Designator=U503
Change Component Designator: Old Designator=U? New Designator=U502
Change Component Designator: Old Designator=U? New Designator=U503
Change Component Designator: Old Designator=Z? New Designator=Z501
Change Component Designator: Old Designator=Z? New Designator=Z502
Change Component Designator: Old Designator=Z? New Designator=Z503
