Change Component Designator: Old Designator=C501 New Designator=C?
Change Component Designator: Old Designator=C502 New Designator=C?
Change Component Designator: Old Designator=C503 New Designator=C?
Change Component Designator: Old Designator=C504 New Designator=C?
Change Component Designator: Old Designator=C505 New Designator=C?
Change Component Designator: Old Designator=Q501 New Designator=Q?
Change Component Designator: Old Designator=Q502 New Designator=Q?
Change Component Designator: Old Designator=R501 New Designator=R?
Change Component Designator: Old Designator=R502 New Designator=R?
Change Component Designator: Old Designator=R503 New Designator=R?
Change Component Designator: Old Designator=R504 New Designator=R?
Change Component Designator: Old Designator=R505 New Designator=R?
Change Component Designator: Old Designator=R506 New Designator=R?
Change Component Designator: Old Designator=R507 New Designator=R?
Change Component Designator: Old Designator=R508 New Designator=R?
Change Component Designator: Old Designator=R509 New Designator=R?
Change Component Designator: Old Designator=R510 New Designator=R?
Change Component Designator: Old Designator=R511 New Designator=R?
Change Component Designator: Old Designator=R512 New Designator=R?
Change Component Designator: Old Designator=R513 New Designator=R?
Change Component Designator: Old Designator=R514 New Designator=R?
Change Component Designator: Old Designator=R515 New Designator=R?
Change Component Designator: Old Designator=R516 New Designator=R?
Change Component Designator: Old Designator=R517 New Designator=R?
Change Component Designator: Old Designator=R518 New Designator=R?
Change Component Designator: Old Designator=R519 New Designator=R?
Change Component Designator: Old Designator=TP501 New Designator=TP?
Change Component Designator: Old Designator=TP502 New Designator=TP?
Change Component Designator: Old Designator=TP503 New Designator=TP?
Change Component Designator: Old Designator=TP504 New Designator=TP?
Change Component Designator: Old Designator=TP505 New Designator=TP?
Change Component Designator: Old Designator=TP506 New Designator=TP?
Change Component Designator: Old Designator=TP507 New Designator=TP?
Change Component Designator: Old Designator=TP508 New Designator=TP?
Change Component Designator: Old Designator=TP509 New Designator=TP?
Change Component Designator: Old Designator=TP510 New Designator=TP?
Change Component Designator: Old Designator=TP511 New Designator=TP?
Change Component Designator: Old Designator=U501 New Designator=U?
Change Component Designator: Old Designator=U501 New Designator=U?
Change Component Designator: Old Designator=U501 New Designator=U?
Change Component Designator: Old Designator=U502 New Designator=U?
Change Component Designator: Old Designator=U502 New Designator=U?
Change Component Designator: Old Designator=U502 New Designator=U?
Change Component Designator: Old Designator=U502 New Designator=U?
Change Component Designator: Old Designator=U503 New Designator=U?
Change Component Designator: Old Designator=U503 New Designator=U?
Change Component Designator: Old Designator=U503 New Designator=U?
Change Component Designator: Old Designator=U503 New Designator=U?
Change Component Designator: Old Designator=Z501 New Designator=Z?
Change Component Designator: Old Designator=Z502 New Designator=Z?
Change Component Designator: Old Designator=Z503 New Designator=Z?
