Change Component Designator: Old Designator=R501 New Designator=R?
Change Component Designator: Old Designator=R502 New Designator=R?
Change Component Designator: Old Designator=R503 New Designator=R?
Change Component Designator: Old Designator=R504 New Designator=R?
Change Component Designator: Old Designator=R* New Designator=R*?
Change Component Designator: Old Designator=TP501 New Designator=TP?
Change Component Designator: Old Designator=TP502 New Designator=TP?
Change Component Designator: Old Designator=TP503 New Designator=TP?
Change Component Designator: Old Designator=TP504 New Designator=TP?
Change Component Designator: Old Designator=TP505 New Designator=TP?
Change Component Designator: Old Designator=TP506 New Designator=TP?
Change Component Designator: Old Designator=U501 New Designator=U?
Change Component Designator: Old Designator=U501 New Designator=U?
Change Component Designator: Old Designator=U501 New Designator=U?
Change Component Designator: Old Designator=U501 New Designator=U?
Change Component Designator: Old Designator=U502 New Designator=U?
Change Component Designator: Old Designator=U502 New Designator=U?
Change Component Designator: Old Designator=U502 New Designator=U?
Change Component Designator: Old Designator=Z501 New Designator=Z?
Change Component Designator: Old Designator=Z502 New Designator=Z?
