Change Component Designator: Old Designator=C701 New Designator=C?
Change Component Designator: Old Designator=C702 New Designator=C?
Change Component Designator: Old Designator=C703 New Designator=C?
Change Component Designator: Old Designator=C704 New Designator=C?
Change Component Designator: Old Designator=C705 New Designator=C?
Change Component Designator: Old Designator=C706 New Designator=C?
Change Component Designator: Old Designator=J701 New Designator=J?
Change Component Designator: Old Designator=Q703 New Designator=Q?
Change Component Designator: Old Designator=R701 New Designator=R?
Change Component Designator: Old Designator=R702 New Designator=R?
Change Component Designator: Old Designator=R704 New Designator=R?
Change Component Designator: Old Designator=R705 New Designator=R?
Change Component Designator: Old Designator=R708 New Designator=R?
Change Component Designator: Old Designator=R709 New Designator=R?
Change Component Designator: Old Designator=R710 New Designator=R?
Change Component Designator: Old Designator=R711 New Designator=R?
Change Component Designator: Old Designator=R712 New Designator=R?
Change Component Designator: Old Designator=R713 New Designator=R?
Change Component Designator: Old Designator=TP701 New Designator=TP?
Change Component Designator: Old Designator=TP702 New Designator=TP?
Change Component Designator: Old Designator=TP703 New Designator=TP?
Change Component Designator: Old Designator=TP704 New Designator=TP?
Change Component Designator: Old Designator=TP705 New Designator=TP?
Change Component Designator: Old Designator=U701 New Designator=U?
Change Component Designator: Old Designator=U702 New Designator=U?
Change Component Designator: Old Designator=U702 New Designator=U?
Change Component Designator: Old Designator=U702 New Designator=U?
Change Component Designator: Old Designator=U702 New Designator=U?
Change Component Designator: Old Designator=U703 New Designator=U?
