Change Component Designator: Old Designator=C? New Designator=C701
Change Component Designator: Old Designator=C? New Designator=C702
Change Component Designator: Old Designator=C? New Designator=C703
Change Component Designator: Old Designator=C? New Designator=C704
Change Component Designator: Old Designator=C? New Designator=C705
Change Component Designator: Old Designator=C? New Designator=C706
Change Component Designator: Old Designator=J? New Designator=J701
Change Component Designator: Old Designator=Q? New Designator=Q701
Change Component Designator: Old Designator=R? New Designator=R701
Change Component Designator: Old Designator=R? New Designator=R702
Change Component Designator: Old Designator=R? New Designator=R703
Change Component Designator: Old Designator=R? New Designator=R704
Change Component Designator: Old Designator=R? New Designator=R705
Change Component Designator: Old Designator=R? New Designator=R706
Change Component Designator: Old Designator=R? New Designator=R707
Change Component Designator: Old Designator=R? New Designator=R708
Change Component Designator: Old Designator=R? New Designator=R709
Change Component Designator: Old Designator=R? New Designator=R710
Change Component Designator: Old Designator=TP? New Designator=TP701
Change Component Designator: Old Designator=TP? New Designator=TP702
Change Component Designator: Old Designator=TP? New Designator=TP703
Change Component Designator: Old Designator=TP? New Designator=TP704
Change Component Designator: Old Designator=TP? New Designator=TP705
Change Component Designator: Old Designator=U? New Designator=U703
Change Component Designator: Old Designator=U? New Designator=U703
Change Component Designator: Old Designator=U? New Designator=U703
Change Component Designator: Old Designator=U? New Designator=U703
Change Component Designator: Old Designator=U? New Designator=U701
Change Component Designator: Old Designator=U? New Designator=U702
