Change Component Designator: OldDesignator=TP101 NewDesignator=TSOff
Change Component Designator: OldDesignator=TP102 NewDesignator=A+St
Change Component Designator: OldDesignator=TP103 NewDesignator=PreSt
Change Component Designator: OldDesignator=TP104 NewDesignator=A-St
Change Component Designator: OldDesignator=TP105 NewDesignator=HVAcc
Change Component Designator: OldDesignator=TP106 NewDesignator=A+Coil
Change Component Designator: OldDesignator=TP107 NewDesignator=PreCoil
Change Component Designator: OldDesignator=TP108 NewDesignator=A-Coil
Change Component Designator: OldDesignator=TP109 NewDesignator=SCEnd
Change Component Designator: OldDesignator=TP201 NewDesignator=ImpUnd
Change Component Designator: OldDesignator=TP202 NewDesignator=Imp
Change Component Designator: OldDesignator=TP203 NewDesignator=LtchRst
Change Component Designator: OldDesignator=TP204 NewDesignator=SfSt
Change Component Designator: OldDesignator=TP301 NewDesignator=A+Imp
Change Component Designator: OldDesignator=TP302 NewDesignator=A-Imp
Change Component Designator: OldDesignator=TP303 NewDesignator=PreImp
Change Component Designator: OldDesignator=TP304 NewDesignator=RlySt
Change Component Designator: OldDesignator=TP305 NewDesignator=RlyImp
Change Component Designator: OldDesignator=TP401 NewDesignator=NIntRlySt
Change Component Designator: OldDesignator=TP402 NewDesignator=NHVRlyCls
Change Component Designator: OldDesignator=TP501 NewDesignator=VRef
Change Component Designator: OldDesignator=TP502 NewDesignator=HVAcc*
Change Component Designator: OldDesignator=TP503 NewDesignator=SRed*
Change Component Designator: OldDesignator=TP504 NewDesignator=VRefDRV
Change Component Designator: OldDesignator=TP505 NewDesignator=GRed*
Change Component Designator: OldDesignator=TP506 NewDesignator=A+*
Change Component Designator: OldDesignator=TP507 NewDesignator=A-*
Change Component Designator: OldDesignator=TP508 NewDesignator=RedDRV
Change Component Designator: OldDesignator=TP509 NewDesignator=Pre*
Change Component Designator: OldDesignator=TP510 NewDesignator=GGreen*
Change Component Designator: OldDesignator=TP511 NewDesignator=SCSErr
Change Component Designator: OldDesignator=TP512 NewDesignator=GreenDRV
Change Component Designator: OldDesignator=TP513 NewDesignator=SGreen*
Change Component Designator: OldDesignator=TP601 NewDesignator=TSALGrn
Change Component Designator: OldDesignator=TP602 NewDesignator=GGreen
Change Component Designator: OldDesignator=TP701 NewDesignator=TSOn
Change Component Designator: OldDesignator=TP702 NewDesignator=OutHV
Change Component Designator: OldDesignator=TP703 NewDesignator=HVDetTrg
Change Component Designator: OldDesignator=TP704 NewDesignator=VRefHV
Change Component Designator: OldDesignator=TP705 NewDesignator=VDCBus
Change Component Designator: OldDesignator=TP801 NewDesignator=TSALRed
Change Component Designator: OldDesignator=TP802 NewDesignator=GRed
Change Component Designator: OldDesignator=TP901 NewDesignator=CntlOptRly
Change Net Name : Old Net Name=NetR901_2 New Net Name=NetCntlOptRly_1
