Removed Pin From Net: NetName=+12 Pin=C601-1
Removed Pin From Net: NetName=TSAL_Green Pin=C601-2
Removed Pin From Net: NetName=LV+_in Pin=J1-1
Removed Pin From Net: NetName=TSAL_Green Pin=J1-2
Removed Pin From Net: NetName=TSAL_Red Pin=J1-3
Removed Pin From Net: NetName=AIR+_Coil_30V Pin=J1-4
Removed Pin From Net: NetName=AIR-_Coil_30V Pin=J1-5
Removed Pin From Net: NetName=Precharge_Coil_30V Pin=J1-6
Removed Pin From Net: NetName=+12 Pin=J1-8
Removed Pin From Net: NetName=GND Pin=J1-9
Removed Pin From Net: NetName=HV_Accumulator Pin=J1-10
Removed Pin From Net: NetName=Precharge_State Pin=J1-11
Removed Pin From Net: NetName=AIR-_State Pin=J1-12
Removed Pin From Net: NetName=AIR+_State Pin=J1-13
Removed Pin From Net: NetName=TS_Off Pin=J1-14
Removed Pin From Net: NetName=INV_HV_Detection5V Pin=J1-16
Removed Pin From Net: NetName=TSAL_Green Pin=Q602-D
Removed Pin From Net: NetName=TS_Off Pin=R605-1
Removed Pin From Net: NetName=GND Pin=R606-2
Removed Member From Class: ClassName=Green Driver Member=C601
Removed Member From Class: ClassName=Green Driver Member=Q602
Removed Member From Class: ClassName=Green Driver Member=R605
Removed Member From Class: ClassName=Green Driver Member=R606
Change Component DesignItemId : Designator=Q201 Old DesignItemId=CMP-00144-1 New DesignItemId=CMP-00144-2
Change Component DesignItemId : Designator=Q202 Old DesignItemId=CMP-00144-1 New DesignItemId=CMP-00144-2
Change Managed Component Library Link : Designator=Q201 Old VaultGUID=082481D6-5331-4BED-BC73-1EE54992B059 New VaultGUID=082481D6-5331-4BED-BC73-1EE54992B059 Old ItemGUID=C3841848-8A14-410A-AC55-C0E8176B4F04 New ItemGUID=C3841848-8A14-410A-AC55-C0E8176B4F04 Old RevisionGUID=8F395662-BB35-4896-8D71-CEF571231768 New RevisionGUID=276d1733-9688-4f5e-8754-7859766edfe7
Change Managed Component Library Link : Designator=Q202 Old VaultGUID=082481D6-5331-4BED-BC73-1EE54992B059 New VaultGUID=082481D6-5331-4BED-BC73-1EE54992B059 Old ItemGUID=C3841848-8A14-410A-AC55-C0E8176B4F04 New ItemGUID=C3841848-8A14-410A-AC55-C0E8176B4F04 Old RevisionGUID=8F395662-BB35-4896-8D71-CEF571231768 New RevisionGUID=276d1733-9688-4f5e-8754-7859766edfe7
Added Pin To Net: NetName=AIR+_State Pin=J1-1
Added Pin To Net: NetName=AIR-_State Pin=J1-2
Added Pin To Net: NetName=Precharge_State Pin=J1-3
Added Pin To Net: NetName=TS_Off Pin=J1-4
Added Pin To Net: NetName=TSAL_Green Pin=J1-5
Added Pin To Net: NetName=INV_HV_Detection5V Pin=J1-6
Added Pin To Net: NetName=GND Pin=J1-8
Added Pin To Net: NetName=HV_Accumulator Pin=J1-9
Added Pin To Net: NetName=AIR+_Coil_30V Pin=J1-10
Added Pin To Net: NetName=AIR-_Coil_30V Pin=J1-11
Added Pin To Net: NetName=Precharge_Coil_30V Pin=J1-12
Added Pin To Net: NetName=+12 Pin=J1-13
Added Pin To Net: NetName=TSAL_Red Pin=J1-14
Added Pin To Net: NetName=LV+_in Pin=J1-16
